2025-11-13T01:12:30.700117Z 0 [Warning] [MY-010139] [Server] Changed limits: max_open_files: 1024 (requested 8161)
2025-11-13T01:12:30.700128Z 0 [Warning] [MY-010142] [Server] Changed limits: table_open_cache: 431 (requested 4000)
2025-11-13T01:12:30.954226Z 0 [Warning] [MY-011068] [Server] The syntax 'expire-logs-days' is deprecated and will be removed in a future release. Please use binlog_expire_logs_seconds instead.
2025-11-13T01:12:30.962137Z 0 [ERROR] [MY-010095] [Server] Failed to access directory for --secure-file-priv. Please make sure that directory exists and is accessible by MySQL Server. Supplied value : /var/lib/mysql-files
2025-11-13T01:12:30.965273Z 0 [ERROR] [MY-010119] [Server] Aborting
2025-11-13T01:16:36.121674Z 0 [Warning] [MY-010139] [Server] Changed limits: max_open_files: 1024 (requested 8161)
2025-11-13T01:16:36.121687Z 0 [Warning] [MY-010142] [Server] Changed limits: table_open_cache: 431 (requested 4000)
2025-11-13T01:16:36.329987Z 0 [Warning] [MY-011068] [Server] The syntax 'expire-logs-days' is deprecated and will be removed in a future release. Please use binlog_expire_logs_seconds instead.
2025-11-13T01:16:36.331053Z 0 [ERROR] [MY-010095] [Server] Failed to access directory for --secure-file-priv. Please make sure that directory exists and is accessible by MySQL Server. Supplied value : /var/lib/mysql-files
2025-11-13T01:16:36.332756Z 0 [ERROR] [MY-010119] [Server] Aborting
2025-11-13T01:32:44.699924Z 0 [Warning] [MY-010139] [Server] Changed limits: max_open_files: 1024 (requested 8161)
2025-11-13T01:32:44.699933Z 0 [Warning] [MY-010142] [Server] Changed limits: table_open_cache: 431 (requested 4000)
2025-11-13T01:32:44.904637Z 0 [ERROR] [MY-010095] [Server] Failed to access directory for --secure-file-priv. Please make sure that directory exists and is accessible by MySQL Server. Supplied value : /var/lib/mysql-files
2025-11-13T01:32:44.907172Z 0 [ERROR] [MY-010119] [Server] Aborting
2025-11-13T01:37:01.478898Z 0 [Warning] [MY-010139] [Server] Changed limits: max_open_files: 1024 (requested 8161)
2025-11-13T01:37:01.478919Z 0 [Warning] [MY-010142] [Server] Changed limits: table_open_cache: 431 (requested 4000)
2025-11-13T01:37:01.746619Z 0 [ERROR] [MY-010095] [Server] Failed to access directory for --secure-file-priv. Please make sure that directory exists and is accessible by MySQL Server. Supplied value : /var/lib/mysql-files
2025-11-13T01:37:01.748914Z 0 [ERROR] [MY-010119] [Server] Aborting
2025-11-13T01:39:09.066468Z 0 [Warning] [MY-010139] [Server] Changed limits: max_open_files: 1024 (requested 8161)
2025-11-13T01:39:09.066492Z 0 [Warning] [MY-010142] [Server] Changed limits: table_open_cache: 431 (requested 4000)
2025-11-13T01:39:09.328598Z 0 [ERROR] [MY-010095] [Server] Failed to access directory for --secure-file-priv. Please make sure that directory exists and is accessible by MySQL Server. Supplied value : /var/lib/mysql-files
2025-11-13T01:39:09.331683Z 0 [ERROR] [MY-010119] [Server] Aborting
